2024-11-10 10:43:16,424 - DEBUG - [TestLogger] [10:43:16] [INFO] -> Starting test suite
2024-11-10 10:43:16,424 - NOTSET - [TestLogger] [10:43:16] [DEBUG] -> Debug information
2024-11-10 10:43:16,424 - INFO - [TestLogger] [10:43:16] [WARNING] -> Warning message
2024-11-10 10:43:16,425 - WARNING - [TestLogger] [10:43:16] [SUCCESS] -> Success message
2024-11-10 10:43:16,425 - ERROR - [TestLogger] [10:43:16] [ERROR] -> Failure message
2024-11-10 10:43:16,425 - DEBUG - [TestLogger] [10:43:16] [INFO] -> Testing log level filtering...
2024-11-10 10:43:16,427 - INFO - [TestLogger] [10:43:16] [WARNING] -> This warning message should appear
2024-11-10 10:43:16,427 - WARNING - [TestLogger] [10:43:16] [SUCCESS] -> This success message should appear
2024-11-10 10:43:16,427 - ERROR - [TestLogger] [10:43:16] [ERROR] -> This error message should appear
2024-11-10 10:43:16,428 - DEBUG - [TestLogger] [10:43:16] [INFO] -> Testing batch logging...
2024-11-10 10:43:16,428 - DEBUG - [TestLogger] [10:43:16] [INFO] -> Batch message 1
2024-11-10 10:43:16,428 - WARNING - [TestLogger] [10:43:16] [SUCCESS] -> Batch success 1
2024-11-10 10:43:16,429 - INFO - [TestLogger] [10:43:16] [WARNING] -> Batch warning 1
2024-11-10 10:43:16,429 - ERROR - [TestLogger] [10:43:16] [ERROR] -> Batch failure 1
2024-11-10 10:43:16,929 - DEBUG - [TestLogger] [10:43:16] [INFO] -> Batch message 2
2024-11-10 10:43:16,929 - WARNING - [TestLogger] [10:43:16] [SUCCESS] -> Batch success 2
2024-11-10 10:43:16,929 - INFO - [TestLogger] [10:43:16] [WARNING] -> Batch warning 2
2024-11-10 10:43:16,929 - ERROR - [TestLogger] [10:43:16] [ERROR] -> Batch failure 2
